// Jest Snapshot v1, https://goo.gl/fbAQLP

exports[` card component 1`] = `
<div>
  <Card
    email="robo@gmsd.com"
    id={1}
    key="0"
    name="robo"
  />
  <Card
    email="roboww@gmsd.com"
    id={2}
    key="1"
    name="robow"
  />
</div>
`;
